matrix: 85 cells over 2 GPUs, started 2026-08-07 01:13:30
[gpu0 01:13:30] START cifar10_bbb_learnt_cnn_seed0
[gpu1 01:13:30] START cifar10_bbb_learnt_cnn_seed1
[gpu0 02:21:13] DONE  cifar10_bbb_learnt_cnn_seed0 cert=? 4063s
[gpu0 02:21:14] START cifar10_bbb_learnt_cnn_seed2
[gpu1 02:21:16] DONE  cifar10_bbb_learnt_cnn_seed1 cert=? 4067s
[gpu1 02:21:17] START cifar10_bbb_learnt_cnn_seed3
[gpu0 03:29:14] DONE  cifar10_bbb_learnt_cnn_seed2 cert=? 4080s
[gpu0 03:29:14] START cifar10_bbb_learnt_cnn_seed4
[gpu1 03:29:21] DONE  cifar10_bbb_learnt_cnn_seed3 cert=? 4084s
[gpu1 03:29:21] START cifar10_fclassic_learnt_cnn_seed0
[gpu0 04:37:27] DONE  cifar10_bbb_learnt_cnn_seed4 cert=? 4093s
[gpu0 04:37:27] START cifar10_fclassic_learnt_cnn_seed1
[gpu1 04:37:42] DONE  cifar10_fclassic_learnt_cnn_seed0 cert=? 4100s
[gpu1 04:37:42] START cifar10_fclassic_learnt_cnn_seed2
[gpu0 05:45:55] DONE  cifar10_fclassic_learnt_cnn_seed1 cert=? 4108s
[gpu0 05:45:55] START cifar10_fclassic_learnt_cnn_seed3
[gpu1 05:46:08] DONE  cifar10_fclassic_learnt_cnn_seed2 cert=? 4107s
[gpu1 05:46:09] START cifar10_fclassic_learnt_cnn_seed4
[gpu0 06:55:07] DONE  cifar10_fclassic_learnt_cnn_seed3 cert=? 4152s
[gpu0 06:55:07] START cifar10_fquad_learnt_cnn_seed0
[gpu1 06:55:09] DONE  cifar10_fclassic_learnt_cnn_seed4 cert=? 4140s
[gpu1 06:55:09] START cifar10_fquad_learnt_cnn_seed1
[gpu1 08:02:47] DONE  cifar10_fquad_learnt_cnn_seed1 cert=? 4058s
[gpu1 08:02:48] START cifar10_fquad_learnt_cnn_seed3
[gpu0 08:02:49] DONE  cifar10_fquad_learnt_cnn_seed0 cert=? 4062s
[gpu0 08:02:49] START cifar10_fquad_learnt_cnn_seed2
[gpu1 09:10:19] DONE  cifar10_fquad_learnt_cnn_seed3 cert=? 4051s
[gpu1 09:10:19] START cifar10_fquad_learnt_cnn13_seed0
[gpu0 09:10:20] DONE  cifar10_fquad_learnt_cnn_seed2 cert=? 4051s
[gpu0 09:10:20] START cifar10_fquad_learnt_cnn_seed4
[gpu0 10:17:00] DONE  cifar10_fquad_learnt_cnn_seed4 cert=? 4000s
[gpu0 10:17:00] START cifar10_fquad_learnt_cnn13_seed1
[gpu1 10:59:04] DONE  cifar10_fquad_learnt_cnn13_seed0 cert=? 6525s
[gpu1 10:59:04] START cifar10_fquad_learnt_cnn13_seed2
[gpu0 12:05:49] DONE  cifar10_fquad_learnt_cnn13_seed1 cert=? 6529s
[gpu0 12:05:49] START cifar10_fquad_learnt_cnn13_seed3
[gpu1 12:48:34] DONE  cifar10_fquad_learnt_cnn13_seed2 cert=? 6570s
[gpu1 12:48:34] START cifar10_fquad_learnt_cnn13_seed4
[gpu0 13:56:52] DONE  cifar10_fquad_learnt_cnn13_seed3 cert=? 6663s
[gpu0 13:56:52] START cifar10_fquad_learnt_cnn15_seed0
[gpu1 14:40:03] DONE  cifar10_fquad_learnt_cnn13_seed4 cert=? 6689s
[gpu1 14:40:03] START cifar10_fquad_learnt_cnn15_seed1
[gpu0 16:12:33] DONE  cifar10_fquad_learnt_cnn15_seed0 cert=? 8141s
[gpu0 16:12:34] START cifar10_fquad_learnt_cnn15_seed2
[gpu1 16:55:22] DONE  cifar10_fquad_learnt_cnn15_seed1 cert=? 8119s
[gpu1 16:55:22] START cifar10_fquad_learnt_cnn15_seed3
[gpu0 18:26:36] DONE  cifar10_fquad_learnt_cnn15_seed2 cert=? 8042s
[gpu0 18:26:36] START cifar10_fquad_learnt_cnn15_seed4
[gpu1 19:09:25] DONE  cifar10_fquad_learnt_cnn15_seed3 cert=? 8044s
[gpu1 19:09:26] START cifar10_fquad_rand_cnn_seed0
[gpu1 20:32:34] DONE  cifar10_fquad_rand_cnn_seed0 cert=? 4988s
[gpu1 20:32:34] START cifar10_fquad_rand_cnn_seed2
[gpu0 20:40:23] DONE  cifar10_fquad_learnt_cnn15_seed4 cert=? 8027s
[gpu0 20:40:23] START cifar10_fquad_rand_cnn_seed1
[gpu1 21:55:57] DONE  cifar10_fquad_rand_cnn_seed2 cert=? 5003s
[gpu1 21:55:57] START cifar10_fquad_rand_cnn_seed4
[gpu0 22:04:12] DONE  cifar10_fquad_rand_cnn_seed1 cert=? 5029s
[gpu0 22:04:12] START cifar10_fquad_rand_cnn_seed3
[gpu1 23:19:19] DONE  cifar10_fquad_rand_cnn_seed4 cert=? 5002s
[gpu1 23:19:19] START fashion-mnist_bbb_learnt_fcn_seed1
[gpu0 23:28:07] DONE  cifar10_fquad_rand_cnn_seed3 cert=? 5035s
[gpu0 23:28:07] START fashion-mnist_bbb_learnt_fcn_seed0
[gpu1 23:36:48] DONE  fashion-mnist_bbb_learnt_fcn_seed1 cert=? 1049s
[gpu1 23:36:48] START fashion-mnist_bbb_learnt_fcn_seed3
[gpu0 23:45:13] DONE  fashion-mnist_bbb_learnt_fcn_seed0 cert=? 1026s
[gpu0 23:45:14] START fashion-mnist_bbb_learnt_fcn_seed2
[gpu1 23:54:17] DONE  fashion-mnist_bbb_learnt_fcn_seed3 cert=? 1049s
[gpu1 23:54:17] START fashion-mnist_fclassic_learnt_fcn_seed0
[gpu0 00:02:21] DONE  fashion-mnist_bbb_learnt_fcn_seed2 cert=? 1027s
[gpu0 00:02:22] START fashion-mnist_bbb_learnt_fcn_seed4
[gpu1 00:12:51] DONE  fashion-mnist_fclassic_learnt_fcn_seed0 cert=? 1114s
[gpu1 00:12:51] START fashion-mnist_fclassic_learnt_fcn_seed2
[gpu0 00:20:09] DONE  fashion-mnist_bbb_learnt_fcn_seed4 cert=? 1067s
[gpu0 00:20:09] START fashion-mnist_fclassic_learnt_fcn_seed1
[gpu1 00:31:26] DONE  fashion-mnist_fclassic_learnt_fcn_seed2 cert=? 1115s
[gpu1 00:31:26] START fashion-mnist_fclassic_learnt_fcn_seed4
[gpu0 00:38:19] DONE  fashion-mnist_fclassic_learnt_fcn_seed1 cert=? 1090s
[gpu0 00:38:19] START fashion-mnist_fclassic_learnt_fcn_seed3
[gpu1 00:49:57] DONE  fashion-mnist_fclassic_learnt_fcn_seed4 cert=? 1111s
[gpu1 00:49:57] START fashion-mnist_fquad_learnt_cnn_seed1
[gpu0 00:56:29] DONE  fashion-mnist_fclassic_learnt_fcn_seed3 cert=? 1090s
[gpu0 00:56:29] START fashion-mnist_fquad_learnt_cnn_seed0
[gpu1 01:16:28] DONE  fashion-mnist_fquad_learnt_cnn_seed1 cert=? 1591s
[gpu1 01:16:28] START fashion-mnist_fquad_learnt_cnn_seed3
[gpu0 01:22:45] DONE  fashion-mnist_fquad_learnt_cnn_seed0 cert=? 1576s
[gpu0 01:22:45] START fashion-mnist_fquad_learnt_cnn_seed2
[gpu1 01:42:46] DONE  fashion-mnist_fquad_learnt_cnn_seed3 cert=? 1578s
[gpu1 01:42:46] START fashion-mnist_fquad_learnt_fcn_seed0
[gpu0 01:48:50] DONE  fashion-mnist_fquad_learnt_cnn_seed2 cert=? 1564s
[gpu0 01:48:50] START fashion-mnist_fquad_learnt_cnn_seed4
[gpu1 02:00:26] DONE  fashion-mnist_fquad_learnt_fcn_seed0 cert=? 1060s
[gpu1 02:00:27] START fashion-mnist_fquad_learnt_fcn_seed2
[gpu0 02:15:03] DONE  fashion-mnist_fquad_learnt_cnn_seed4 cert=? 1573s
[gpu0 02:15:04] START fashion-mnist_fquad_learnt_fcn_seed1
[gpu1 02:18:06] DONE  fashion-mnist_fquad_learnt_fcn_seed2 cert=? 1059s
[gpu1 02:18:06] START fashion-mnist_fquad_learnt_fcn_seed4
[gpu0 02:32:22] DONE  fashion-mnist_fquad_learnt_fcn_seed1 cert=? 1039s
[gpu0 02:32:23] START fashion-mnist_fquad_learnt_fcn_seed3
[gpu1 02:35:50] DONE  fashion-mnist_fquad_learnt_fcn_seed4 cert=? 1064s
[gpu1 02:35:50] START fashion-mnist_fquad_rand_fcn_seed1
[gpu0 02:49:55] DONE  fashion-mnist_fquad_learnt_fcn_seed3 cert=? 1052s
[gpu0 02:49:55] START fashion-mnist_fquad_rand_fcn_seed0
[gpu1 02:52:48] DONE  fashion-mnist_fquad_rand_fcn_seed1 cert=? 1018s
[gpu1 02:52:48] START fashion-mnist_fquad_rand_fcn_seed3
[gpu0 03:06:27] DONE  fashion-mnist_fquad_rand_fcn_seed0 cert=? 992s
[gpu0 03:06:27] START fashion-mnist_fquad_rand_fcn_seed2
[gpu1 03:09:40] DONE  fashion-mnist_fquad_rand_fcn_seed3 cert=? 1012s
[gpu1 03:09:40] START mnist_bbb_learnt_fcn_seed0
[gpu0 03:23:44] DONE  fashion-mnist_fquad_rand_fcn_seed2 cert=? 1037s
[gpu0 03:23:44] START fashion-mnist_fquad_rand_fcn_seed4
[gpu1 03:27:12] DONE  mnist_bbb_learnt_fcn_seed0 cert=? 1052s
[gpu1 03:27:12] START mnist_bbb_learnt_fcn_seed2
[gpu0 03:40:12] DONE  fashion-mnist_fquad_rand_fcn_seed4 cert=? 988s
[gpu0 03:40:12] START mnist_bbb_learnt_fcn_seed1
[gpu1 03:45:21] DONE  mnist_bbb_learnt_fcn_seed2 cert=? 1088s
[gpu1 03:45:21] START mnist_bbb_learnt_fcn_seed4
[gpu0 03:57:16] DONE  mnist_bbb_learnt_fcn_seed1 cert=? 1024s
[gpu0 03:57:16] START mnist_bbb_learnt_fcn_seed3
[gpu1 04:02:48] DONE  mnist_bbb_learnt_fcn_seed4 cert=? 1047s
[gpu1 04:02:48] START mnist_fclassic_learnt_fcn_seed1
[gpu0 04:14:23] DONE  mnist_bbb_learnt_fcn_seed3 cert=? 1027s
[gpu0 04:14:23] START mnist_fclassic_learnt_fcn_seed0
[gpu1 04:21:26] DONE  mnist_fclassic_learnt_fcn_seed1 cert=? 1118s
[gpu1 04:21:26] START mnist_fclassic_learnt_fcn_seed3
[gpu0 04:32:38] DONE  mnist_fclassic_learnt_fcn_seed0 cert=? 1095s
[gpu0 04:32:39] START mnist_fclassic_learnt_fcn_seed2
[gpu1 04:40:03] DONE  mnist_fclassic_learnt_fcn_seed3 cert=? 1117s
[gpu1 04:40:03] START mnist_flamb_learnt_fcn_seed0
[gpu0 04:50:40] DONE  mnist_fclassic_learnt_fcn_seed2 cert=? 1081s
[gpu0 04:50:40] START mnist_fclassic_learnt_fcn_seed4
[gpu0 05:08:37] DONE  mnist_fclassic_learnt_fcn_seed4 cert=? 1077s
[gpu0 05:08:37] START mnist_flamb_learnt_fcn_seed1
[gpu1 05:12:14] DONE  mnist_flamb_learnt_fcn_seed0 cert=? 1931s
[gpu1 05:12:14] START mnist_flamb_learnt_fcn_seed2
[gpu0 05:39:18] DONE  mnist_flamb_learnt_fcn_seed1 cert=? 1841s
[gpu0 05:39:18] START mnist_flamb_learnt_fcn_seed3
[gpu1 05:43:37] DONE  mnist_flamb_learnt_fcn_seed2 cert=? 1883s
[gpu1 05:43:37] START mnist_flamb_learnt_fcn_seed4
[gpu0 06:09:54] DONE  mnist_flamb_learnt_fcn_seed3 cert=? 1836s
[gpu0 06:09:54] START mnist_fquad_learnt_cnn_seed0
[gpu1 06:14:47] DONE  mnist_flamb_learnt_fcn_seed4 cert=? 1870s
[gpu1 06:14:48] START mnist_fquad_learnt_cnn_seed1
[gpu0 06:36:03] DONE  mnist_fquad_learnt_cnn_seed0 cert=? 1569s
[gpu0 06:36:03] START mnist_fquad_learnt_cnn_seed2
[gpu1 06:41:11] DONE  mnist_fquad_learnt_cnn_seed1 cert=? 1583s
[gpu1 06:41:11] START mnist_fquad_learnt_cnn_seed3
[gpu0 07:02:05] DONE  mnist_fquad_learnt_cnn_seed2 cert=? 1562s
[gpu0 07:02:05] START mnist_fquad_learnt_cnn_seed4
[gpu1 07:07:24] DONE  mnist_fquad_learnt_cnn_seed3 cert=? 1573s
[gpu1] SKIP  mnist_fquad_learnt_fcn_seed0
[gpu1 07:07:25] START mnist_fquad_learnt_fcn_seed2
[gpu1 07:25:00] DONE  mnist_fquad_learnt_fcn_seed2 cert=? 1055s
[gpu1 07:25:00] START mnist_fquad_learnt_fcn_seed4
[gpu0 07:28:03] DONE  mnist_fquad_learnt_cnn_seed4 cert=? 1558s
[gpu0 07:28:03] START mnist_fquad_learnt_fcn_seed1
[gpu1 07:42:44] DONE  mnist_fquad_learnt_fcn_seed4 cert=? 1064s
[gpu1 07:42:44] START mnist_fquad_rand_fcn_seed1
[gpu0 07:45:22] DONE  mnist_fquad_learnt_fcn_seed1 cert=? 1039s
[gpu0 07:45:22] START mnist_fquad_learnt_fcn_seed3
[gpu1 07:59:36] DONE  mnist_fquad_rand_fcn_seed1 cert=? 1012s
[gpu1 07:59:36] START mnist_fquad_rand_fcn_seed3
[gpu0 08:02:41] DONE  mnist_fquad_learnt_fcn_seed3 cert=? 1039s
[gpu0 08:02:41] START mnist_fquad_rand_fcn_seed0
[gpu1 08:16:27] DONE  mnist_fquad_rand_fcn_seed3 cert=? 1011s
[gpu1] LANE COMPLETE
[gpu0 08:19:03] DONE  mnist_fquad_rand_fcn_seed0 cert=? 983s
[gpu0 08:19:04] START mnist_fquad_rand_fcn_seed2
[gpu0 08:35:18] DONE  mnist_fquad_rand_fcn_seed2 cert=? 974s
[gpu0 08:35:18] START mnist_fquad_rand_fcn_seed4
[gpu0 08:51:32] DONE  mnist_fquad_rand_fcn_seed4 cert=? 974s
[gpu0] LANE COMPLETE
MATRIX COMPLETE 2026-08-08 08:51:32
